// Jest Snapshot v1, https://goo.gl/fbAQLP

exports[`Chart should match snapshot renders 1`] = `ShallowWrapper {}`;
